

================================================================
== Synthesis Summary Report of 'hello'
================================================================
+ General Information: 
    * Date:           Wed Oct  8 14:52:11 2025
    * Version:        2022.2 (Build 3670227 on Oct 13 2022)
    * Project:        hello_world
    * Solution:       solution1 (Vivado IP Flow Target)
    * Product family: virtexuplus
    * Target device:  xcvu11p-flga2577-1-e
    

+ Performance & Resource Estimates: 
    
    PS: '+' for module; 'o' for loop; '*' for dataflow
    +---------+------+------+---------+--------+----------+---------+------+----------+------+----+---+----+-----+
    | Modules | Issue|      | Latency | Latency| Iteration|         | Trip |          |      |    |   |    |     |
    | & Loops | Type | Slack| (cycles)|  (ns)  |  Latency | Interval| Count| Pipelined| BRAM | DSP| FF| LUT| URAM|
    +---------+------+------+---------+--------+----------+---------+------+----------+------+----+---+----+-----+
    |+ hello  |     -|  7.30|        0|   0.000|         -|        1|     -|        no|     -|   -|  -|   -|    -|
    +---------+------+------+---------+--------+----------+---------+------+----------+------+----+---+----+-----+


================================================================
== HW Interfaces
================================================================
* Other Ports
+-----------+----------+
| Interface | Bitwidth |
+-----------+----------+
| ap_return | 32       |
+-----------+----------+

* TOP LEVEL CONTROL
+-----------+------------+-----------------------------------+
| Interface | Type       | Ports                             |
+-----------+------------+-----------------------------------+
| ap_ctrl   | ap_ctrl_hs | ap_done ap_idle ap_ready ap_start |
+-----------+------------+-----------------------------------+


================================================================
== SW I/O Information
================================================================
* Top Function Arguments
+----------+-----------+----------+
| Argument | Direction | Datatype |
+----------+-----------+----------+
| return   | out       | int      |
+----------+-----------+----------+

* SW-to-HW Mapping
+----------+--------------+---------+
| Argument | HW Interface | HW Type |
+----------+--------------+---------+
| return   | ap_return    | port    |
+----------+--------------+---------+


================================================================
== Bind Op Report
================================================================
  No bind op info in design

================================================================
== Bind Storage Report
================================================================
  No bind storage info in design

================================================================
== Pragma Report
================================================================
  No pragmas found

